### 2.
Ответ: нет не могут. Жёсткая ссылка (hardlink) на объект это его зеркальная копия у которой права и inode унаследуются от объекта.


### 3.
```
vagrant@vagrant:~$ lsblk
NAME                 MAJ:MIN RM  SIZE RO TYPE MOUNTPOINT
sda                    8:0    0   64G  0 disk
├─sda1                 8:1    0  512M  0 part /boot/efi
├─sda2                 8:2    0    1K  0 part
└─sda5                 8:5    0 63.5G  0 part
  ├─vgvagrant-root   253:0    0 62.6G  0 lvm  /
  └─vgvagrant-swap_1 253:1    0  980M  0 lvm  [SWAP]
sdb                    8:16   0  2.5G  0 disk
sdc                    8:32   0  2.5G  0 disk
```


### 4.  
```
vagrant@vagrant:~$ lsblk
NAME                 MAJ:MIN RM  SIZE RO TYPE MOUNTPOINT
sda                    8:0    0   64G  0 disk
├─sda1                 8:1    0  512M  0 part /boot/efi
├─sda2                 8:2    0    1K  0 part
└─sda5                 8:5    0 63.5G  0 part
  ├─vgvagrant-root   253:0    0 62.6G  0 lvm  /
  └─vgvagrant-swap_1 253:1    0  980M  0 lvm  [SWAP]
sdb                    8:16   0  2.5G  0 disk
├─sdb1                 8:17   0    2G  0 part
└─sdb2                 8:18   0  511M  0 part
sdc                    8:32   0  2.5G  0 disk
```


### 5.  
```
vagrant@vagrant:~$ lsblk
NAME                 MAJ:MIN RM  SIZE RO TYPE MOUNTPOINT
sda                    8:0    0   64G  0 disk
├─sda1                 8:1    0  512M  0 part /boot/efi
├─sda2                 8:2    0    1K  0 part
└─sda5                 8:5    0 63.5G  0 part
  ├─vgvagrant-root   253:0    0 62.6G  0 lvm  /
  └─vgvagrant-swap_1 253:1    0  980M  0 lvm  [SWAP]
sdb                    8:16   0  2.5G  0 disk
├─sdb1                 8:17   0    2G  0 part
└─sdb2                 8:18   0  511M  0 part
sdc                    8:32   0  2.5G  0 disk
├─sdc1                 8:33   0    2G  0 part
└─sdc2                 8:34   0  511M  0 part
```


### 6.  
```
vagrant@vagrant:~$ lsblk
NAME                 MAJ:MIN RM  SIZE RO TYPE  MOUNTPOINT
sda                    8:0    0   64G  0 disk
├─sda1                 8:1    0  512M  0 part  /boot/efi
├─sda2                 8:2    0    1K  0 part
└─sda5                 8:5    0 63.5G  0 part
  ├─vgvagrant-root   253:0    0 62.6G  0 lvm   /
  └─vgvagrant-swap_1 253:1    0  980M  0 lvm   [SWAP]
sdb                    8:16   0  2.5G  0 disk
├─sdb1                 8:17   0    2G  0 part
│ └─md0                9:0    0    2G  0 raid1
└─sdb2                 8:18   0  511M  0 part
sdc                    8:32   0  2.5G  0 disk
├─sdc1                 8:33   0    2G  0 part
│ └─md0                9:0    0    2G  0 raid1
└─sdc2                 8:34   0  511M  0 part
```
```
vagrant@vagrant:~$ cat /proc/mdstat
Personalities : [linear] [multipath] [raid0] [raid1] [raid6] [raid5] [raid4] [raid10]
md0 : active raid1 sdc1[1] sdb1[0]
      2094080 blocks super 1.2 [2/2] [UU]

unused devices: <none>
```

### 7.
```
vagrant@vagrant:~$ lsblk
NAME                 MAJ:MIN RM  SIZE RO TYPE  MOUNTPOINT
sda                    8:0    0   64G  0 disk
├─sda1                 8:1    0  512M  0 part  /boot/efi
├─sda2                 8:2    0    1K  0 part
└─sda5                 8:5    0 63.5G  0 part
  ├─vgvagrant-root   253:0    0 62.6G  0 lvm   /
  └─vgvagrant-swap_1 253:1    0  980M  0 lvm   [SWAP]
sdb                    8:16   0  2.5G  0 disk
├─sdb1                 8:17   0    2G  0 part
│ └─md0                9:0    0    2G  0 raid1
└─sdb2                 8:18   0  511M  0 part
  └─md1                9:1    0 1018M  0 raid0
sdc                    8:32   0  2.5G  0 disk
├─sdc1                 8:33   0    2G  0 part
│ └─md0                9:0    0    2G  0 raid1
└─sdc2                 8:34   0  511M  0 part
  └─md1                9:1    0 1018M  0 raid0
```
```
vagrant@vagrant:~$ cat /proc/mdstat
Personalities : [linear] [multipath] [raid0] [raid1] [raid6] [raid5] [raid4] [raid10]
md1 : active raid0 sdc2[1] sdb2[0]
      1042432 blocks super 1.2 512k chunks

md0 : active raid1 sdc1[1] sdb1[0]
      2094080 blocks super 1.2 [2/2] [UU]

unused devices: <none>
```


### 8.
```
vagrant@vagrant:~$ dig -x 8.8.8.8

; <<>> DiG 9.16.1-Ubuntu <<>> -x 8.8.8.8
;; global options: +cmd
;; Got answer:
;; ->>HEADER<<- opcode: QUERY, status: NOERROR, id: 53747
;; flags: qr rd ra; QUERY: 1, ANSWER: 1, AUTHORITY: 0, ADDITIONAL: 1

;; OPT PSEUDOSECTION:
; EDNS: version: 0, flags:; udp: 65494
;; QUESTION SECTION:
;8.8.8.8.in-addr.arpa.          IN      PTR

;; ANSWER SECTION:
8.8.8.8.in-addr.arpa.   4935    IN      PTR     dns.google.

;; Query time: 0 msec
;; SERVER: 127.0.0.53#53(127.0.0.53)
;; WHEN: Sun Jul 03 19:23:09 MSK 2022
;; MSG SIZE  rcvd: 73
```
```
vagrant@vagrant:~$ dig -x 8.8.4.4

; <<>> DiG 9.16.1-Ubuntu <<>> -x 8.8.4.4
;; global options: +cmd
;; Got answer:
;; ->>HEADER<<- opcode: QUERY, status: NOERROR, id: 52453
;; flags: qr rd ra; QUERY: 1, ANSWER: 1, AUTHORITY: 0, ADDITIONAL: 1

;; OPT PSEUDOSECTION:
; EDNS: version: 0, flags:; udp: 65494
;; QUESTION SECTION:
;4.4.8.8.in-addr.arpa.          IN      PTR

;; ANSWER SECTION:
4.4.8.8.in-addr.arpa.   18102   IN      PTR     dns.google.

;; Query time: 48 msec
;; SERVER: 127.0.0.53#53(127.0.0.53)
;; WHEN: Sun Jul 03 19:25:06 MSK 2022
;; MSG SIZE  rcvd: 73
```
Ответ: dns.google.
