### 2.
Ответ: нет не могут. Жёсткая ссылка (hardlink) на объект это его зеркальная копия у которой права и inode унаследуются от объекта.


### 3.
```
vagrant@vagrant:~$ lsblk
NAME                 MAJ:MIN RM  SIZE RO TYPE MOUNTPOINT
sda                    8:0    0   64G  0 disk
├─sda1                 8:1    0  512M  0 part /boot/efi
├─sda2                 8:2    0    1K  0 part
└─sda5                 8:5    0 63.5G  0 part
  ├─vgvagrant-root   253:0    0 62.6G  0 lvm  /
  └─vgvagrant-swap_1 253:1    0  980M  0 lvm  [SWAP]
sdb                    8:16   0  2.5G  0 disk
sdc                    8:32   0  2.5G  0 disk
```


### 4.  
```
vagrant@vagrant:~$ lsblk
NAME                 MAJ:MIN RM  SIZE RO TYPE MOUNTPOINT
sda                    8:0    0   64G  0 disk
├─sda1                 8:1    0  512M  0 part /boot/efi
├─sda2                 8:2    0    1K  0 part
└─sda5                 8:5    0 63.5G  0 part
  ├─vgvagrant-root   253:0    0 62.6G  0 lvm  /
  └─vgvagrant-swap_1 253:1    0  980M  0 lvm  [SWAP]
sdb                    8:16   0  2.5G  0 disk
├─sdb1                 8:17   0    2G  0 part
└─sdb2                 8:18   0  511M  0 part
sdc                    8:32   0  2.5G  0 disk
```


### 5.  
```
vagrant@vagrant:~$ sudo sfdisk --dump /dev/sdb | sudo sfdisk /dev/sdc
Checking that no-one is using this disk right now ... OK

Disk /dev/sdc: 2.51 GiB, 2684354560 bytes, 5242880 sectors
Disk model: VBOX HARDDISK
Units: sectors of 1 * 512 = 512 bytes
Sector size (logical/physical): 512 bytes / 512 bytes
I/O size (minimum/optimal): 512 bytes / 512 bytes

>>> Script header accepted.
>>> Script header accepted.
>>> Script header accepted.
>>> Script header accepted.
>>> Created a new DOS disklabel with disk identifier 0x9cfc4354.
/dev/sdc1: Created a new partition 1 of type 'Linux' and of size 2 GiB.
/dev/sdc2: Created a new partition 2 of type 'Linux' and of size 511 MiB.
/dev/sdc3: Done.

New situation:
Disklabel type: dos
Disk identifier: 0x9cfc4354

Device     Boot   Start     End Sectors  Size Id Type
/dev/sdc1          2048 4196351 4194304    2G 83 Linux
/dev/sdc2       4196352 5242879 1046528  511M 83 Linux

The partition table has been altered.
Calling ioctl() to re-read partition table.
Syncing disks.
```
```
vagrant@vagrant:~$ lsblk
NAME                 MAJ:MIN RM  SIZE RO TYPE MOUNTPOINT
sda                    8:0    0   64G  0 disk
├─sda1                 8:1    0  512M  0 part /boot/efi
├─sda2                 8:2    0    1K  0 part
└─sda5                 8:5    0 63.5G  0 part
  ├─vgvagrant-root   253:0    0 62.6G  0 lvm  /
  └─vgvagrant-swap_1 253:1    0  980M  0 lvm  [SWAP]
sdb                    8:16   0  2.5G  0 disk
├─sdb1                 8:17   0    2G  0 part
└─sdb2                 8:18   0  511M  0 part
sdc                    8:32   0  2.5G  0 disk
├─sdc1                 8:33   0    2G  0 part
└─sdc2                 8:34   0  511M  0 part
```


### 6.  
```
vagrant@vagrant:~$ lsblk
NAME                 MAJ:MIN RM  SIZE RO TYPE  MOUNTPOINT
sda                    8:0    0   64G  0 disk
├─sda1                 8:1    0  512M  0 part  /boot/efi
├─sda2                 8:2    0    1K  0 part
└─sda5                 8:5    0 63.5G  0 part
  ├─vgvagrant-root   253:0    0 62.6G  0 lvm   /
  └─vgvagrant-swap_1 253:1    0  980M  0 lvm   [SWAP]
sdb                    8:16   0  2.5G  0 disk
├─sdb1                 8:17   0    2G  0 part
│ └─md1                9:0    0    2G  0 raid1
└─sdb2                 8:18   0  511M  0 part
sdc                    8:32   0  2.5G  0 disk
├─sdc1                 8:33   0    2G  0 part
│ └─md1                9:0    0    2G  0 raid1
└─sdc2                 8:34   0  511M  0 part
```
```
vagrant@vagrant:~$ cat /proc/mdstat
Personalities : [linear] [multipath] [raid0] [raid1] [raid6] [raid5] [raid4] [raid10]
md0 : active raid1 sdc1[1] sdb1[0]
      2094080 blocks super 1.2 [2/2] [UU]

unused devices: <none>
```

### 7.
```
vagrant@vagrant:~$ lsblk
NAME                 MAJ:MIN RM  SIZE RO TYPE  MOUNTPOINT
sda                    8:0    0   64G  0 disk
├─sda1                 8:1    0  512M  0 part  /boot/efi
├─sda2                 8:2    0    1K  0 part
└─sda5                 8:5    0 63.5G  0 part
  ├─vgvagrant-root   253:0    0 62.6G  0 lvm   /
  └─vgvagrant-swap_1 253:1    0  980M  0 lvm   [SWAP]
sdb                    8:16   0  2.5G  0 disk
├─sdb1                 8:17   0    2G  0 part
│ └─md1                9:1    0    2G  0 raid1
└─sdb2                 8:18   0  511M  0 part
  └─md0                9:0    0 1018M  0 raid0
sdc                    8:32   0  2.5G  0 disk
├─sdc1                 8:33   0    2G  0 part
│ └─md1                9:1    0    2G  0 raid1
└─sdc2                 8:34   0  511M  0 part
  └─md0                9:0    0 1018M  0 raid0
```


### 8.
```
vagrant@vagrant:~$ sudo pvcreate /dev/md0 /dev/md1
  Physical volume "/dev/md0" successfully created.
  Physical volume "/dev/md1" successfully created.
```
```
vagrant@vagrant:~$ sudo pvscan
  PV /dev/sda5   VG vgvagrant       lvm2 [<63.50 GiB / 0    free]
  PV /dev/md0                       lvm2 [1018.00 MiB]
  PV /dev/md1                       lvm2 [<2.00 GiB]
  Total: 3 [<66.49 GiB] / in use: 1 [<63.50 GiB] / in no VG: 2 [2.99 GiB]
```


### 9.
```
vagrant@vagrant:~$ sudo vgcreate vgroup /dev/md1 /dev/md0
  Volume group "vgroup" successfully created
```
```
vagrant@vagrant:~$ sudo vgs
  VG        #PV #LV #SN Attr   VSize   VFree
  vgroup      2   1   0 wz--n-  <2.99g 2.89g
  vgvagrant   1   2   0 wz--n- <63.50g    0
```


### 10.
```
vagrant@vagrant:~$ sudo lvcreate -L 100M vgroup /dev/md0
  Logical volume "lvol0" created.
```
```
vagrant@vagrant:~$ sudo lvs
  LV     VG        Attr       LSize   Pool Origin Data%  Meta%  Move Log Cpy%Sync Convert
  lvol0  vgroup    -wi-a----- 100.00m
  root   vgvagrant -wi-ao---- <62.54g
  swap_1 vgvagrant -wi-ao---- 980.00m
```


### 11.
```
vagrant@vagrant:~$ sudo mkfs.ext4 /dev/vgroup/lvol0
mke2fs 1.45.5 (07-Jan-2020)
Creating filesystem with 25600 4k blocks and 25600 inodes

Allocating group tables: done
Writing inode tables: done
Creating journal (1024 blocks): done
Writing superblocks and filesystem accounting information: done
```


### 12.
```
vagrant@vagrant:~$ sudo mkdir /tmp/new
vagrant@vagrant:~$ sudo mount /dev/vgroup/lvol0 /tmp/new/
```


### 13.
```
vagrant@vagrant:~$ sudo wget https://mirror.yandex.ru/ubuntu/ls-lR.gz -O /tmp/new/test.gz
--2022-07-08 19:09:05--  https://mirror.yandex.ru/ubuntu/ls-lR.gz
Resolving mirror.yandex.ru (mirror.yandex.ru)... 213.180.204.183, 2a02:6b8::183
Connecting to mirror.yandex.ru (mirror.yandex.ru)|213.180.204.183|:443... connected.
HTTP request sent, awaiting response... 200 OK
Length: 23795229 (23M) [application/octet-stream]
Saving to: ‘/tmp/new/test.gz’

/tmp/new/test.gz                        100%[============================================================================>]  22.69M  6.58MB/s    in 3.8s

2022-07-08 19:09:09 (6.02 MB/s) - ‘/tmp/new/test.gz’ saved [23795229/23795229]
```


### 14.
```
vagrant@vagrant:~$ lsblk
NAME                 MAJ:MIN RM  SIZE RO TYPE  MOUNTPOINT
sda                    8:0    0   64G  0 disk
├─sda1                 8:1    0  512M  0 part  /boot/efi
├─sda2                 8:2    0    1K  0 part
└─sda5                 8:5    0 63.5G  0 part
  ├─vgvagrant-root   253:0    0 62.6G  0 lvm   /
  └─vgvagrant-swap_1 253:1    0  980M  0 lvm   [SWAP]
sdb                    8:16   0  2.5G  0 disk
├─sdb1                 8:17   0    2G  0 part
│ └─md1                9:1    0    2G  0 raid1
└─sdb2                 8:18   0  511M  0 part
  └─md0                9:0    0 1018M  0 raid0
    └─vgroup-lvol0   253:2    0  100M  0 lvm   /tmp/new
sdc                    8:32   0  2.5G  0 disk
├─sdc1                 8:33   0    2G  0 part
│ └─md1                9:1    0    2G  0 raid1
└─sdc2                 8:34   0  511M  0 part
  └─md0                9:0    0 1018M  0 raid0
    └─vgroup-lvol0   253:2    0  100M  0 lvm   /tmp/new
```


### 15.
```
vagrant@vagrant:~$ gzip -t /tmp/new/test.gz
vagrant@vagrant:~$ echo $?
0
```


### 16.
```
vagrant@vagrant:~$ sudo pvmove /dev/md0
  /dev/md0: Moved: 20.00%
  /dev/md0: Moved: 100.00%
```
```
vagrant@vagrant:~$ lsblk
NAME                 MAJ:MIN RM  SIZE RO TYPE  MOUNTPOINT
sda                    8:0    0   64G  0 disk
├─sda1                 8:1    0  512M  0 part  /boot/efi
├─sda2                 8:2    0    1K  0 part
└─sda5                 8:5    0 63.5G  0 part
  ├─vgvagrant-root   253:0    0 62.6G  0 lvm   /
  └─vgvagrant-swap_1 253:1    0  980M  0 lvm   [SWAP]
sdb                    8:16   0  2.5G  0 disk
├─sdb1                 8:17   0    2G  0 part
│ └─md1                9:1    0    2G  0 raid1
│   └─vgroup-lvol0   253:2    0  100M  0 lvm   /tmp/new
└─sdb2                 8:18   0  511M  0 part
  └─md0                9:0    0 1018M  0 raid0
sdc                    8:32   0  2.5G  0 disk
├─sdc1                 8:33   0    2G  0 part
│ └─md1                9:1    0    2G  0 raid1
│   └─vgroup-lvol0   253:2    0  100M  0 lvm   /tmp/new
└─sdc2                 8:34   0  511M  0 part
  └─md0                9:0    0 1018M  0 raid0
```


### 17.
```
vagrant@vagrant:~$ sudo mdadm /dev/md1 -f /dev/sdb1
mdadm: set /dev/sdb1 faulty in /dev/md1
```


### 18.
```
vagrant@vagrant:~$ dmesg | grep md1
[  614.187840] md/raid1:md1: not clean -- starting background reconstruction
[  614.187841] md/raid1:md1: active with 2 out of 2 mirrors
[  614.187850] md1: detected capacity change from 0 to 2144337920
[  614.188010] md: resync of RAID array md1
[  624.595939] md: md1: resync done.
[50514.384954] md: data-check of RAID array md1
[50524.750792] md: md1: data-check done.
[84316.921871] md/raid1:md1: Disk failure on sdb1, disabling device.
               md/raid1:md1: Operation continuing on 1 devices.
```


### 19.
```
vagrant@vagrant:~$ gzip -t /tmp/new/test.gz
vagrant@vagrant:~$ echo $?
0
```


### 20.
```
PS C:\VMs\ubuntu> vagrant destroy
    default: Are you sure you want to destroy the 'default' VM? [y/N] y
==> default: Forcing shutdown of VM...
==> default: Destroying VM and associated drives...
```
