### 2.
Ответ: нет не могут. Жёсткая ссылка (hardlink) на объект это его зеркальная копия у которой права и inode унаследуются от объекта.


### 3.
```
vagrant@vagrant:~$ lsblk
NAME                 MAJ:MIN RM  SIZE RO TYPE MOUNTPOINT
sda                    8:0    0   64G  0 disk
├─sda1                 8:1    0  512M  0 part /boot/efi
├─sda2                 8:2    0    1K  0 part
└─sda5                 8:5    0 63.5G  0 part
  ├─vgvagrant-root   253:0    0 62.6G  0 lvm  /
  └─vgvagrant-swap_1 253:1    0  980M  0 lvm  [SWAP]
sdb                    8:16   0  2.5G  0 disk
sdc                    8:32   0  2.5G  0 disk
```


### 4.  
```
vagrant@vagrant:~$ lsblk
NAME                 MAJ:MIN RM  SIZE RO TYPE MOUNTPOINT
sda                    8:0    0   64G  0 disk
├─sda1                 8:1    0  512M  0 part /boot/efi
├─sda2                 8:2    0    1K  0 part
└─sda5                 8:5    0 63.5G  0 part
  ├─vgvagrant-root   253:0    0 62.6G  0 lvm  /
  └─vgvagrant-swap_1 253:1    0  980M  0 lvm  [SWAP]
sdb                    8:16   0  2.5G  0 disk
├─sdb1                 8:17   0    2G  0 part
└─sdb2                 8:18   0  511M  0 part
sdc                    8:32   0  2.5G  0 disk
```


### 5.  
```
vagrant@vagrant:~$ lsblk
NAME                 MAJ:MIN RM  SIZE RO TYPE MOUNTPOINT
sda                    8:0    0   64G  0 disk
├─sda1                 8:1    0  512M  0 part /boot/efi
├─sda2                 8:2    0    1K  0 part
└─sda5                 8:5    0 63.5G  0 part
  ├─vgvagrant-root   253:0    0 62.6G  0 lvm  /
  └─vgvagrant-swap_1 253:1    0  980M  0 lvm  [SWAP]
sdb                    8:16   0  2.5G  0 disk
├─sdb1                 8:17   0    2G  0 part
└─sdb2                 8:18   0  511M  0 part
sdc                    8:32   0  2.5G  0 disk
├─sdc1                 8:33   0    2G  0 part
└─sdc2                 8:34   0  511M  0 part
```


### 6.  
```
vagrant@vagrant:~$ lsblk
NAME                 MAJ:MIN RM  SIZE RO TYPE  MOUNTPOINT
sda                    8:0    0   64G  0 disk
├─sda1                 8:1    0  512M  0 part  /boot/efi
├─sda2                 8:2    0    1K  0 part
└─sda5                 8:5    0 63.5G  0 part
  ├─vgvagrant-root   253:0    0 62.6G  0 lvm   /
  └─vgvagrant-swap_1 253:1    0  980M  0 lvm   [SWAP]
sdb                    8:16   0  2.5G  0 disk
├─sdb1                 8:17   0    2G  0 part
│ └─md1                9:0    0    2G  0 raid1
└─sdb2                 8:18   0  511M  0 part
sdc                    8:32   0  2.5G  0 disk
├─sdc1                 8:33   0    2G  0 part
│ └─md1                9:0    0    2G  0 raid1
└─sdc2                 8:34   0  511M  0 part
```
```
vagrant@vagrant:~$ cat /proc/mdstat
Personalities : [linear] [multipath] [raid0] [raid1] [raid6] [raid5] [raid4] [raid10]
md0 : active raid1 sdc1[1] sdb1[0]
      2094080 blocks super 1.2 [2/2] [UU]

unused devices: <none>
```

### 7.
```
vagrant@vagrant:~$ lsblk
NAME                 MAJ:MIN RM  SIZE RO TYPE  MOUNTPOINT
sda                    8:0    0   64G  0 disk
├─sda1                 8:1    0  512M  0 part  /boot/efi
├─sda2                 8:2    0    1K  0 part
└─sda5                 8:5    0 63.5G  0 part
  ├─vgvagrant-root   253:0    0 62.6G  0 lvm   /
  └─vgvagrant-swap_1 253:1    0  980M  0 lvm   [SWAP]
sdb                    8:16   0  2.5G  0 disk
├─sdb1                 8:17   0    2G  0 part
│ └─md1                9:1    0    2G  0 raid1
└─sdb2                 8:18   0  511M  0 part
  └─md0                9:0    0 1018M  0 raid0
sdc                    8:32   0  2.5G  0 disk
├─sdc1                 8:33   0    2G  0 part
│ └─md1                9:1    0    2G  0 raid1
└─sdc2                 8:34   0  511M  0 part
  └─md0                9:0    0 1018M  0 raid0
```


### 8.
```
vagrant@vagrant:~$ sudo pvcreate /dev/md0 /dev/md1
  Physical volume "/dev/md0" successfully created.
  Physical volume "/dev/md1" successfully created.
```
```
vagrant@vagrant:~$ sudo pvscan
  PV /dev/sda5   VG vgvagrant       lvm2 [<63.50 GiB / 0    free]
  PV /dev/md0                       lvm2 [1018.00 MiB]
  PV /dev/md1                       lvm2 [<2.00 GiB]
  Total: 3 [<66.49 GiB] / in use: 1 [<63.50 GiB] / in no VG: 2 [2.99 GiB]
```


### 9.




### 10.


### 11.


### 12.


### 13.


### 14.


### 15.


### 16.


### 17.


### 18.


### 19.


### 20.
